[sadaafzal.wixsite.com/website.html]
[static.parastorage.com/unpkg/core-js-bundle@3.2.1/minified.js]
[static.parastorage.com/unpkg/focus-within-polyfill@5.0.9/dist/focus-within-polyfill.js]
[polyfill.io/v3/polyfill.mind82c.js]
[sadaafzal.wixsite.com/website/decodeURIComponent(e]
[browser.sentry-cdn.com/5.21.4/bundle.min.js]
[static.parastorage.com/services/santa-resources/resources/viewer/editorUI/fonts.v10.png]
[backblue.gif]
[fade.gif]
[index.html]
[static.wixstatic.com/media/c4881c_d088d9cdcb934c46a38b288facaa94b9_mv2.png]
[sadaafzal.wixsite.com/website/_api/v2/dynamicmodel.json]
[static.parastorage.com/services/wix-thunderbolt/dist/clientWorker.a80edf12.bundle.min.js]
[static.parastorage.com/services/wix-form-builder/1.3735.0/editor-app.bundle.min.js]
[static.parastorage.com/services/wix-form-builder/1.3735.0/viewer-app.bundle.min.js]
[static.parastorage.com/services/editor-elements/1.3101.0/componentSSRSdks.bundle.js]
[static.parastorage.com/services/editor-elements/dist/componentSdks.e7394a5a.bundle.min.js]
[sadaafzal.wixsite.com/website/robots.txt]
[sadaafzal.wixsite.com/website/wix-thunderbolt/dist/index.html]
[sadaafzal.wixsite.com/website/sitemap.xml]
[sadaafzal.wixsite.com/website/feed.xml]
[static.parastorage.com/services/editor-elements/dist/siteAssets.6f67ad30.chunk.min.js]
[static.parastorage.com/services/editor-elements/dist/webpack-runtime.92ea2666.bundle.min.js]
[static.parastorage.com/services/wix-thunderbolt/dist/bootstrap-features.7771f8d2.chunk.min.js]
[static.parastorage.com/services/wix-thunderbolt/dist/main.413eceaf.chunk.min.js]
[static.parastorage.com/unpkg/lodash@4.17.15/lodash.min.js]
[sadaafzal.wixsite.com/website/$&/index.html]
[static.parastorage.com/services/wix-thunderbolt/dist/wix-code-sdk-providers.742fc6c2.chunk.min.js]
[static.parastorage.com/services/wix-thunderbolt/dist/siteMembers.016073d1.chunk.min.js]
[static.parastorage.com/services/wix-thunderbolt/dist/siteScrollBlocker.1faeac31.chunk.min.js]
[static.parastorage.com/services/wix-thunderbolt/dist/tpaCommons.e4dc1076.chunk.min.js]
[sadaafzal.wixsite.com/_partials/index.html]
[static.parastorage.com/services/wix-thunderbolt/dist/windowMessageRegistrar.1b328a38.chunk.min.js]
[static.parastorage.com/services/wix-thunderbolt/dist/platform.458e4a41.chunk.min.js]
[static.parastorage.com/services/wix-thunderbolt/dist/vendors_vendor-react-dom.e1a93611.chunk.min.js]
[static.parastorage.com/services/wix-thunderbolt/dist/vendor-react-dom.dbc1be8c.chunk.min.js]
[static.parastorage.com/services/tag-manager-client/1.186.0/siteTags.bundle.min.js]
[static.parastorage.com/services/editor-elements/dist/thunderboltElements.8ad3b5d6.bundle.min.js]
[static.parastorage.com/services/wix-perf-measure/1.258.0/wix-perf-measure.bundle.min.js]
[static.parastorage.com/services/wix-thunderbolt/dist/activePopup.345a02ab.chunk.min.js]
[sadaafzal.wixsite.com/index.html]
[static.parastorage.com/services/wix-thunderbolt/dist/dropdownMenu.63098b9e.chunk.min.js]
[static.parastorage.com/services/wix-thunderbolt/dist/scrollRestoration.b0c61dad.chunk.min.js]
[static.parastorage.com/services/wix-thunderbolt/dist/backgroundScrub.a66d819d.chunk.min.js]
[static.parastorage.com/services/wix-thunderbolt/dist/imageZoom.d98c248e.chunk.min.js]
[static.parastorage.com/services/wix-thunderbolt/dist/navigation.dd30d7be.chunk.min.js]
[static.parastorage.com/services/wix-thunderbolt/dist/onloadCompsBehaviors.bc7a9f98.chunk.min.js]
[static.parastorage.com/services/wix-thunderbolt/dist/ooiTpaSharedConfig.28af61b7.chunk.min.js]
[static.parastorage.com/services/wix-thunderbolt/dist/pageAnchors.39599c0b.chunk.min.js]
[static.parastorage.com/services/wix-thunderbolt/dist/pageScroll.be631193.chunk.min.js]
[static.parastorage.com/services/wix-thunderbolt/dist/pageTransitions.ef171e7b.chunk.min.js]
[static.parastorage.com/services/wix-thunderbolt/dist/platformPubsub.2cd86ff4.chunk.min.js]
[static.parastorage.com/services/wix-thunderbolt/dist/protectedPages.fc379108.chunk.min.js]
[static.parastorage.com/services/wix-thunderbolt/dist/scrollToAnchor.2e5884fc.chunk.min.js]
[static.parastorage.com/services/wix-thunderbolt/dist/tpa.968dfb81.chunk.min.js]
[static.parastorage.com/services/wix-thunderbolt/dist/windowScroll.24efcf16.chunk.min.js]
[static.parastorage.com/services/editor-elements/dist/bootstrap-components.53b95cc9.chunk.min.js]
[static.parastorage.com/services/editor-elements/dist/AppWidget.a65c12fb.chunk.min.js]
[static.parastorage.com/services/editor-elements/dist/GoogleMap.39973775.chunk.min.js]
[static.parastorage.com/services/editor-elements/dist/FormContainer_FormContainerSkin.84fa3dde.chunk.min.js]
[static.parastorage.com/services/editor-elements/dist/common-site-members-dialogs.63fa568a.chunk.min.js]
[static.parastorage.com/services/editor-elements/dist/TextInput.cfdea122.chunk.min.js]
[static.parastorage.com/services/editor-elements/dist/TextAreaInput.bbcadd1a.chunk.min.js]
[static.parastorage.com/services/editor-elements/dist/PageGroup.ae6e1496.chunk.min.js]
[static.parastorage.com/services/editor-elements/dist/DropDownMenu_TextOnlyMenuButtonSkin.ec652454.chunk.min.js]
[static.parastorage.com/services/editor-elements/dist/FreemiumBannerDesktop.187e21cf.chunk.min.js]
[static.parastorage.com/services/editor-elements/dist/media/sloppyframe.d6793e19.png]
[sadaafzal.wixsite.com/website/index.html]
[sadaafzal.wixsite.com/website/about.html]
[sadaafzal.wixsite.com/website/our-products.html]
[sadaafzal.wixsite.com/website.html]
[sadaafzal.wixsite.com/website/decodeURIComponent(e.html]
[sadaafzal.wixsite.com/website/wix-thunderbolt/dist/index.html]
[sadaafzal.wixsite.com/website/robots.html]
[sadaafzal.wixsite.com/website/feed.html]
[sadaafzal.wixsite.com/website/$&/index.html]
[sadaafzal.wixsite.com/_partials/index.html]
[sadaafzal.wixsite.com/index.html]
[sadaafzal.wixsite.com/website/index.html]
[sadaafzal.wixsite.com/website/about.html]
[sadaafzal.wixsite.com/website/our-products.html]
[sadaafzal.wixsite.com/website/contact-us.html]
[sadaafzal.wixsite.com/website/contact-us.html]
[sadaafzal.wixsite.com/website/;-$Path=/;-XSRF-TOKEN=1605115405_ezLpJ4MZQUy2;-$Path=/;-hs=-1189025679;-$Path=/;-$Path=/;-SameSite=none;-$Path=]
[sadaafzal.wixsite.com/website/; $Path=/; XSRF-TOKEN=1605115405_ezLpJ4MZQUy2; $Path=/; hs=-1189025679; $Path=/; $Path=/; SameSite=none; $Path=/index.html]
[sadaafzal.wixsite.com/website/;-$Path=/;-$Path=/;-SameSite=none;-$Path=]
[sadaafzal.wixsite.com/website/; $Path=/; $Path=/; SameSite=none; $Path=/index.html]
[sadaafzal.wixsite.com/website/;-$Path=/;-XSRF-TOKEN=1605115405_ezLpJ4MZQUy2;-$Path=/;-hs=-1189025679;-$Path=/;-$Path=/;-SameSite=none;-$Path=.html]
[sadaafzal.wixsite.com/website/;-$Path=/;-$Path=/;-SameSite=none;-$Path=.html]
